{
  "version": "1.5.0",
  "plugins_used": [
    {
      "name": "ArtifactoryDetector"
    },
    {
      "name": "AWSKeyDetector"
    },
    {
      "name": "AzureStorageKeyDetector"
    },
    {
      "name": "Base64HighEntropyString",
      "limit": 4.5
    },
    {
      "name": "BasicAuthDetector"
    },
    {
      "name": "CloudantDetector"
    },
    {
      "name": "DiscordBotTokenDetector"
    },
    {
      "name": "GitHubTokenDetector"
    },
    {
      "name": "GitLabTokenDetector"
    },
    {
      "name": "HexHighEntropyString",
      "limit": 3.0
    },
    {
      "name": "IbmCloudIamDetector"
    },
    {
      "name": "IbmCosHmacDetector"
    },
    {
      "name": "IPPublicDetector"
    },
    {
      "name": "JwtTokenDetector"
    },
    {
      "name": "KeywordDetector",
      "keyword_exclude": ""
    },
    {
      "name": "MailchimpDetector"
    },
    {
      "name": "NpmDetector"
    },
    {
      "name": "OpenAIDetector"
    },
    {
      "name": "PrivateKeyDetector"
    },
    {
      "name": "PypiTokenDetector"
    },
    {
      "name": "SendGridDetector"
    },
    {
      "name": "SlackDetector"
    },
    {
      "name": "SoftlayerDetector"
    },
    {
      "name": "SquareOAuthDetector"
    },
    {
      "name": "StripeDetector"
    },
    {
      "name": "TelegramBotTokenDetector"
    },
    {
      "name": "TwilioKeyDetector"
    }
  ],
  "filters_used": [
    {
      "path": "detect_secrets.filters.allowlist.is_line_allowlisted"
    },
    {
      "path": "detect_secrets.filters.common.is_baseline_file",
      "filename": ".secrets.baseline"
    },
    {
      "path": "detect_secrets.filters.common.is_ignored_due_to_verification_policies",
      "min_level": 2
    },
    {
      "path": "detect_secrets.filters.heuristic.is_indirect_reference"
    },
    {
      "path": "detect_secrets.filters.heuristic.is_likely_id_string"
    },
    {
      "path": "detect_secrets.filters.heuristic.is_lock_file"
    },
    {
      "path": "detect_secrets.filters.heuristic.is_not_alphanumeric_string"
    },
    {
      "path": "detect_secrets.filters.heuristic.is_potential_uuid"
    },
    {
      "path": "detect_secrets.filters.heuristic.is_prefixed_with_dollar_sign"
    },
    {
      "path": "detect_secrets.filters.heuristic.is_sequential_string"
    },
    {
      "path": "detect_secrets.filters.heuristic.is_swagger_file"
    },
    {
      "path": "detect_secrets.filters.heuristic.is_templated_secret"
    }
  ],
  "results": {
    "tests/e2e/cassettes/test_file_grouping_works_across_all_formats.yaml": [
      {
        "type": "Base64 High Entropy String",
        "filename": "tests/e2e/cassettes/test_file_grouping_works_across_all_formats.yaml",
        "hashed_secret": "13a3d538b5ac51c8ab098e5378196b7e74c4efe7",
        "is_verified": false,
        "line_number": 28
      },
      {
        "type": "Base64 High Entropy String",
        "filename": "tests/e2e/cassettes/test_file_grouping_works_across_all_formats.yaml",
        "hashed_secret": "b82aabd05e03e45b94dc8d0fe0a5794d42b33711",
        "is_verified": false,
        "line_number": 136
      },
      {
        "type": "Base64 High Entropy String",
        "filename": "tests/e2e/cassettes/test_file_grouping_works_across_all_formats.yaml",
        "hashed_secret": "6ebc6287e0b468c87a38f0da768a5fdc00830a6f",
        "is_verified": false,
        "line_number": 239
      },
      {
        "type": "Base64 High Entropy String",
        "filename": "tests/e2e/cassettes/test_file_grouping_works_across_all_formats.yaml",
        "hashed_secret": "acbe0a87d1407d98f02679cd22981c07a195a23d",
        "is_verified": false,
        "line_number": 329
      }
    ],
    "tests/e2e/cassettes/test_format_selection_produces_different_outputs.yaml": [
      {
        "type": "Base64 High Entropy String",
        "filename": "tests/e2e/cassettes/test_format_selection_produces_different_outputs.yaml",
        "hashed_secret": "13a3d538b5ac51c8ab098e5378196b7e74c4efe7",
        "is_verified": false,
        "line_number": 28
      },
      {
        "type": "Base64 High Entropy String",
        "filename": "tests/e2e/cassettes/test_format_selection_produces_different_outputs.yaml",
        "hashed_secret": "8559579ece4d46b9dbabcd5705af739bb65f0279",
        "is_verified": false,
        "line_number": 136
      },
      {
        "type": "Base64 High Entropy String",
        "filename": "tests/e2e/cassettes/test_format_selection_produces_different_outputs.yaml",
        "hashed_secret": "c22829bbcf78d5771e56eed0ac41c15d7e99f894",
        "is_verified": false,
        "line_number": 239
      },
      {
        "type": "Base64 High Entropy String",
        "filename": "tests/e2e/cassettes/test_format_selection_produces_different_outputs.yaml",
        "hashed_secret": "978d4dd97cb57c0f482dbbcebdc0e16884f83192",
        "is_verified": false,
        "line_number": 329
      }
    ],
    "tests/e2e/cassettes/test_score_filtering_removes_lowscoring_chunks.yaml": [
      {
        "type": "Base64 High Entropy String",
        "filename": "tests/e2e/cassettes/test_score_filtering_removes_lowscoring_chunks.yaml",
        "hashed_secret": "13a3d538b5ac51c8ab098e5378196b7e74c4efe7",
        "is_verified": false,
        "line_number": 28
      },
      {
        "type": "Base64 High Entropy String",
        "filename": "tests/e2e/cassettes/test_score_filtering_removes_lowscoring_chunks.yaml",
        "hashed_secret": "5b1087d0e43cdcd797520d9ddf8fa0ec62243048",
        "is_verified": false,
        "line_number": 134
      },
      {
        "type": "Base64 High Entropy String",
        "filename": "tests/e2e/cassettes/test_score_filtering_removes_lowscoring_chunks.yaml",
        "hashed_secret": "b2453ed9dcfa6ea20f2445a0d5ee9d79e40aedb8",
        "is_verified": false,
        "line_number": 234
      },
      {
        "type": "Base64 High Entropy String",
        "filename": "tests/e2e/cassettes/test_score_filtering_removes_lowscoring_chunks.yaml",
        "hashed_secret": "87cd2872c9309ee53a742ba5bc54b26edbf8564c",
        "is_verified": false,
        "line_number": 331
      },
      {
        "type": "Base64 High Entropy String",
        "filename": "tests/e2e/cassettes/test_score_filtering_removes_lowscoring_chunks.yaml",
        "hashed_secret": "758c7b6b299920a1be4bfd0e03988fb5d60e7e9b",
        "is_verified": false,
        "line_number": 421
      }
    ]
  },
  "generated_at": "2025-10-23T05:45:34Z"
}
